// Jest Snapshot v1, https://goo.gl/fbAQLP

exports[`ctor.js 1`] = `
super();

let p = super.p;
~~~~~~~~~~~~~~~~~~~~~~~~~~~~~~~~~~~~~~~~~~~~~~~~~~~~~~~~~~~~~~~~~~~~~~~~~~~~~~~~
super();

let p = super.p;

`;
